// 重构日志: a17d0cdb
// 重构日志: 8fa27780
// 重构日志: 16690296
// 重构日志: 348f7e34
// 重构日志: ac32a903
// 重构日志: 7f4f99c4
// 重构日志: 6cf0a650
// 重构日志: 95fb5b61
// 重构日志: c39b02db
// 同步 ID: 04ffc26f @ Tue Jul 21 18:01:08 UTC 2026
// 同步 ID: 594b3c23 @ Thu Jul 23 13:58:51 UTC 2026
// 同步 ID: 6204dd88 @ Sat Jul 25 07:50:22 UTC 2026
// 重构日志: 9ef52b5e
// 同步 ID: bdea170b @ Sun Jul 26 12:18:55 UTC 2026
// 重构日志: d1a53afd
// 重构日志: ee7f06db
// 同步 ID: 1483b152 @ Thu Jul 30 16:57:27 UTC 2026
// 重构日志: 85388edc
// 重构日志: c9cf32d0
// 重构日志: 8e031dec
// 重构日志: 4c2dd414
// 同步 ID: c9734722 @ Fri Aug  7 15:30:21 UTC 2026
// 重构日志: 3f28e5c9
// 同步 ID: 67daeed3 @ Sat Aug  8 00:43:30 UTC 2026
// 同步 ID: 2c95d89a @ Sat Aug  8 07:55:33 UTC 2026
// 重构日志: 20f365ff
